Today's special is Hamburger.  It has beef patties in it.
