p.x = 3.0
p.y = 4.0
p = Point(3.0, 4.0)
p = Point(5.0, 12.0)
