x = 3, a = 4, b = 5, c = 7.0.
About to change x...
x = 5, a = 4, b = 5, c = 9.0.
About to change a...
x = 5, a = 6, b = 5, c = 11.0.
About to change b...
