a = 3.14159, b = 3.14159, c = 3.14159, p.x = 3.14159, p.y = 3.14159
a = 2.17828, b = 2.17828, c = 2.17828, p.x = 2.17828, p.y = 2.17828
x1 = 3, y1 = 4, z1 = 7
x1 = 5, y1 = 4, z1 = 9
x1 = 5, y1 = 12, z1 = 17
b2 = true, x2 = 3, y2 = 4, z2 = 3
b2 = false, x2 = 3, y2 = 4, z2 = 4
b2 = false, x2 = 5, y2 = 4, z2 = 4
b2 = false, x2 = 5, y2 = 12, z2 = 12
a3 = 1, b3 = 10, m3 = 4, c3 = [ 1, 4, 9 ]
a3 = 1, b3 = 10, m3 = 7, c3 = [ 1, 4, 9, 16, 25, 36 ]
a3 = 2, b3 = 10, m3 = 7, c3 = [ 4, 9, 16, 25, 36 ]
a3 = 2, b3 = 5, m3 = 7, c3 = [ 4, 9, 16, 25 ]
a4 = 3, b4 = 4, c4 = 9
a4 = 5, b4 = 4, c4 = 25
a4 = 5, b4 = 12, c4 = 25
a5 = 3, b5 = 4, c5 = 145.0
a5 = 5, b5 = 4, c5 = 221.0
a5 = 5, b5 = 12, c5 = 221.0
a6 = 3, b6 = 4, p6 = Point(3.0, 4.0)@2, q6 = Point(3.0, 4.0)@3, r6 = Point(3.0, 4.0)@4
a6 = 5, b6 = 4, p6 = Point(5.0, 4.0)@5, q6 = Point(5.0, 4.0)@3, r6 = Point(5.0, 4.0)@4
a6 = 5, b6 = 12, p6 = Point(5.0, 12.0)@6, q6 = Point(5.0, 12.0)@7, r6 = Point(5.0, 12.0)@4
a7 = 3, b7 = 3
a7 = 4, b7 = 4
a7 = 5, b7 = 5
