booleans = [ true, false, true, true, false ]
integers = [ 1, 3, 5, 7, 9 ]
numbers = [ 3.14159, 2.71828 ]
strings = [ hello, hello again, goodbye ]
durations = [ 30000.0ms, 60000.0ms, 90000.0ms, 120000.0ms ]
points = [ Point { x: 3.0, y: 4.0 }, Point { x: 5.0, y: 12.0 } ]
integers = [ 1, 3, 5, 7, 9 ]
oneToTen = [ 1, 2, 3, 4, 5, 6, 7, 8, 9, 10 ]
oneToTenOdd = [ 1, 3, 5, 7, 9 ]
ticks = [ 3.0, 3.5, 4.0, 4.5, 5.0 ]
decreasing = [ 10, 9, 8, 7, 6, 5, 4, 3, 2, 1 ]
oneToNine = [ 1, 2, 3, 4, 5, 6, 7, 8, 9 ]
[10..1] = [ ]
