Iterating: o.a=165, o.b = 105.
Iterating: o.a=105, o.b = 60.
Iterating: o.a=60, o.b = 45.
Iterating: o.a=45, o.b = 15.
Iterating: o.a=15, o.b = 0.
The gcd of 106 and 105 is 15.
