Hello, Weiqi.
Do you know that 1024 * 9765625.0 = 10,000,000,000.0?
1024 is the 10th power of 2, and 9765625 is the 10th power of 5.
