index: 0, element: One.
index: 1, element: Two.
index: 2, element: Three.
