1 squared: 1
2 squared: 4
3 squared: 9
4 squared: 16
5 squared: 25
6 squared: 36
7 squared: 49
8 squared: 64
9 squared: 81
10 squared: 100
2
4
6
8
10
1
2
3
4
5
6
7
1 >= 0
-1 < 0
0 = 0
1 > 0
a = 3
a = 5
a = hi
b = [ 7 ]
