integers = [ 1, 3, 5, 7, 9 ]
sizeof integers = 5
integers[0] = 1
integers[4] = 9
integers[-1] = 0
integers[5] = 0
integers[0..2] = [ 1, 3, 5 ]
integers[0..<2] = [ 1, 3 ]
integers[2..] = [ 5, 7, 9 ]
integers[-3..10] = [ 1, 3, 5, 7, 9 ]
integers[2..<2] = [ ]
integers[2..0] = [ ]
integers[-2..-1] = [ ]
integers[5..6] = [ ]
integers[x | x > 4] = [ 5, 7, 9 ]
integers[x | indexof x < 2] = [ 1, 3 ]
integers[x | x > 10] = [ ]
reverse integers = [ 9, 7, 5, 3, 1 ]
numbers = [ 3.14159, 2.71828 ]
numbers = [ 3.14159, 2.71828, 0.57722 ]
numbers = [ 1.618, 3.14159, 2.71828, 0.57722 ]
numbers = [ 1.618, 3.14159, 2.71828, 1.4142, 0.57722 ]
strings = [ hello, hello again, goodbye ]
strings = [ hello, hello again, how are you, see you, goodbye ]
strings = [ hello, hello again, how are you, goodbye ]
strings = [ hello, hello again, goodbye ]
strings = [ goodbye ]
strings = [ ]
