f() called: i = 1024.
g() called: i = 1025.
f() called: i = 1026.
