Integer, Number version of f is called with (1024, 3.14).
Number, Integer version of f is called with (6.28, 2048).
