gcd(24, 18) = 6
midnight
a.m.
noon
p.m.
No click
Single click
Double click
Multiple click
