seq = [ 1, 4, 2, 8, 5, 7 ]
The index of 4 in seq = 1
The max value of seq = 8
The min value of seq = 1
reverse(seq) = [ 7, 5, 8, 2, 4, 1 ]
// @Skip shuffle(seq) = [ 8, 2, 5, 4, 7, 1 ]
sortd = [ 1, 2, 4, 5, 7, 8 ]
Found 4 in sorted at index 2
integers = [ 1, 3, 5, 3, 1 ]
indexOf(integers, 3) = 1
nextIndexOf(integers, 3, 2) = 3
