seq = [ 1, 4, 9, 16 ]
seq = [ 9, 16 ]
matrix = [ A1, A2, B1, B2 ]
seq1 = [ 11, 12, 13, 21, 22, 23, 31, 32, 33 ]
seq2 = [ 22, 23, 33 ]
