hamburger.whatsInIt() = Beef patties.
cheeseburger.whatsInit() = Beef patties and cheese.
