Variable i changed to 1024.
Variable i changed to 2048.
