Variable i changed from 0 to 1024.
Variable i changed from 1024 to 2048.
