The price of the Roast Beef club sandwich is 7.99.
