Good coffee.  It's Folgers.
Good tea.  It's Iced tea.
Number of drinks offered = 2.
